cstrike\gfx\env\bluebk.tga
cstrike\gfx\env\bluedn.tga
cstrike\gfx\env\blueft.tga
cstrike\gfx\env\bluelf.tga
cstrike\gfx\env\bluert.tga
cstrike\gfx\env\blueup.tga
cstrike\maps\as_oilrig.bsp
cstrike\maps\as_oilrig.txt
cstrike\models\orange.mdl
cstrike\overviews\as_oilrig.bmp
cstrike\overviews\as_oilrig.txt
cstrike\tswad.wad,0,12
cstrike\tswad.wad,30196,22572
cstrike\tswad.wad,52768,87852
cstrike\tswad.wad,153124,14412
cstrike\tswad.wad,167536,44332
cstrike\tswad.wad,211868,87852
cstrike\tswad.wad,299720,87852
cstrike\tswad.wad,387572,87852
cstrike\tswad.wad,475424,87852
cstrike\tswad.wad,563276,87852
cstrike\tswad.wad,738980,87852
cstrike\tswad.wad,826832,87852
cstrike\tswad.wad,914684,8292
cstrike\tswad.wad,937388,87852
cstrike\tswad.wad,1042372,7612
cstrike\tswad.wad,1049984,87852
cstrike\tswad.wad,1137836,87852
cstrike\tswad.wad,1225688,87852
cstrike\tswad.wad,1313540,49772
cstrike\tswad.wad,1460136,87852
cstrike\tswad.wad,1554240,32
valve\halflife.wad,7500848,2172
valve\halflife.wad,34992,2852
valve\halflife.wad,597800,3532
valve\halflife.wad,1331168,2852
valve\halflife.wad,1729612,3532
valve\halflife.wad,1738980,1152
valve\halflife.wad,7369252,6252
valve\halflife.wad,17195524,34472
valve\halflife.wad,19402172,2172
valve\halflife.wad,20182624,22572
valve\halflife.wad,20690364,6252
valve\halflife.wad,21279248,11012
valve\halflife.wad,23167088,4212
valve\halflife.wad,24133628,22572
valve\halflife.wad,28164136,9312
valve\halflife.wad,37644980,3532
valve\halflife.wad,37707556,17132
valve\liquids.wad,0,12
valve\liquids.wad,373100,11692
valve\liquids.wad,474796,32
valve\sound\ambience\rocket_groan1.wav
valve\sound\ambience\rocket_groan2.wav
valve\sound\ambience\rocket_groan3.wav
valve\sound\apache\ap_rotor4.wav
valve\sound\buttons\button5.wav
valve\sound\doors\doormove7.wav
valve\sound\doors\doorstop5.wav
valve\xeno.wad,0,12
valve\xeno.wad,6506080,32
