cstrike\maps\as_tundra.bsp
cstrike\cstrike.wad,0,12
cstrike\cstrike.wad,2677428,32
valve\halflife.wad,0,12
valve\halflife.wad,37814384,32
valve\halflife.wad,37847024,32
valve\halflife.wad,37879792,32
valve\halflife.wad,37912560,32
cstrike\as_tundra.wad,0,12
cstrike\as_tundra.wad,557608,32
cstrike\cs_dust.wad,0,12
cstrike\cs_dust.wad,1054988,32
cstrike\cstrike.wad,319060,22572
cstrike\cstrike.wad,691016,22572
cstrike\cstrike.wad,1118712,22572
cstrike\cstrike.wad,1539136,22572
cstrike\cstrike.wad,1561708,13052
cstrike\cstrike.wad,1597332,22572
cstrike\cstrike.wad,1753824,22572
cstrike\cstrike.wad,2281992,22572
cstrike\cstrike.wad,2304564,22572
valve\halflife.wad,300560,6252
valve\halflife.wad,522796,1152
valve\halflife.wad,766792,6252
valve\halflife.wad,1013792,6252
valve\halflife.wad,1131276,6252
valve\halflife.wad,1679332,1152
valve\halflife.wad,6929148,1152
valve\halflife.wad,7570452,1152
valve\halflife.wad,7860180,2172
valve\halflife.wad,7862352,29372
valve\halflife.wad,7891724,17132
valve\halflife.wad,7908856,29372
valve\halflife.wad,7938228,33452
valve\halflife.wad,12585348,2172
valve\halflife.wad,19663588,1152
valve\halflife.wad,32973528,1152
valve\halflife.wad,34481220,22572
valve\halflife.wad,36531772,6252
valve\halflife.wad,36747724,2172
valve\halflife.wad,37408328,2172
valve\halflife.wad,37585708,3532
valve\halflife.wad,37777536,2172
valve\halflife.wad,522796,1152
valve\halflife.wad,34481220,22572
cstrike\gfx\env\snowdn.tga
cstrike\gfx\env\snowup.tga
cstrike\gfx\env\snowlf.tga
cstrike\gfx\env\snowrt.tga
cstrike\gfx\env\snowbk.tga
cstrike\gfx\env\snowft.tga
cstrike\cs_dust.wad,606228,6252
cstrike\cs_dust.wad,618732,6252
cstrike\maps\as_tundra.txt
cstrike\overviews\as_tundra.txt
cstrike\overviews\as_tundra.bmp
cstrike\models\player\gsg9\gsg9.mdl
cstrike\models\player\guerilla\guerilla.mdl
cstrike\models\player\arctic\arctic.mdl
cstrike\models\player\sas\sas.mdl
cstrike\models\player\terror\terror.mdl
cstrike\models\player\urban\urban.mdl
cstrike\models\player\vip\vip.mdl
valve\sound\ambience\crtnoise.wav
valve\sound\ambience\waterfall1.wav
valve\sound\apache\ap_rotor2.wav