cstrike\decals.wad,332060,8972
cstrike\decals.wad,381792,17132
cstrike\decals.wad,877108,8972
cstrike\decals.wad,886080,8972
cstrike\gfx\env\greenbk.tga
cstrike\gfx\env\greendn.tga
cstrike\gfx\env\greenft.tga
cstrike\gfx\env\greenlf.tga
cstrike\gfx\env\greenrt.tga
cstrike\gfx\env\greenup.tga
cstrike\itsitaly.wad,0,12
cstrike\itsitaly.wad,12,33452
cstrike\itsitaly.wad,83840,22572
cstrike\itsitaly.wad,140260,5912
cstrike\itsitaly.wad,180436,10332
cstrike\itsitaly.wad,199740,22572
cstrike\itsitaly.wad,222312,22572
cstrike\itsitaly.wad,267456,22572
cstrike\itsitaly.wad,290028,22572
cstrike\itsitaly.wad,348224,13052
cstrike\itsitaly.wad,381392,17132
cstrike\itsitaly.wad,436452,17132
cstrike\itsitaly.wad,453584,17132
cstrike\itsitaly.wad,487848,17132
cstrike\itsitaly.wad,549444,2512
cstrike\itsitaly.wad,577248,25292
cstrike\itsitaly.wad,615044,33452
cstrike\itsitaly.wad,674600,22572
cstrike\itsitaly.wad,719744,6252
cstrike\itsitaly.wad,754820,6252
cstrike\itsitaly.wad,801588,22572
cstrike\itsitaly.wad,824160,87852
cstrike\itsitaly.wad,912012,87852
cstrike\itsitaly.wad,1022436,34812
cstrike\itsitaly.wad,1057248,4892
cstrike\itsitaly.wad,1107000,55212
cstrike\itsitaly.wad,1162212,55212
cstrike\itsitaly.wad,1217424,55212
cstrike\itsitaly.wad,1281060,6252
cstrike\itsitaly.wad,1287312,44332
cstrike\itsitaly.wad,1375484,16112
cstrike\itsitaly.wad,1395468,25292
cstrike\itsitaly.wad,1420760,49772
cstrike\itsitaly.wad,1497996,49772
cstrike\itsitaly.wad,1568904,4892
cstrike\itsitaly.wad,1632804,5912
cstrike\itsitaly.wad,1667672,87852
cstrike\itsitaly.wad,1781628,71532
cstrike\itsitaly.wad,1853160,32
cstrike\maps\cs_italy.bsp
cstrike\maps\cs_italy.txt
cstrike\models\chick.mdl
cstrike\models\feather.mdl
cstrike\models\winebottle.mdl
cstrike\overviews\cs_italy.bmp
cstrike\overviews\cs_italy.txt
cstrike\sound\ambience\Guit1.WAV
cstrike\sound\ambience\Opera.wav
cstrike\sound\misc\killChicken.wav
cstrike\sound\misc\sheep.wav
valve\halflife.wad,23520660,2172
valve\halflife.wad,36538024,6932
valve\halflife.wad,37055736,1152
valve\models\scientistT.mdl
