cstrike\gfx\env\desrt.tga
cstrike\gfx\env\desbk.tga
cstrike\gfx\env\deslf.tga
cstrike\gfx\env\desft.tga
cstrike\gfx\env\desup.tga
cstrike\gfx\env\desdn.tga
cstrike\maps\de_dust2.bsp
valve\halflife.wad,0,12
valve\halflife.wad,37814384,32
valve\halflife.wad,37847024,32
valve\halflife.wad,37879792,32
valve\halflife.wad,37912560,32
cstrike\cs_dust.wad,0,12
cstrike\cs_dust.wad,1054988,32
valve\halflife.wad,479128,2172
valve\halflife.wad,1635664,2172
valve\halflife.wad,6929148,1152
valve\halflife.wad,7860180,2172
valve\halflife.wad,19663588,1152
valve\halflife.wad,22591860,6252
valve\halflife.wad,32973528,1152
valve\halflife.wad,36747724,2172
cstrike\cs_dust.wad,12,41612
cstrike\cs_dust.wad,86768,41612
cstrike\cs_dust.wad,128380,22572
cstrike\cs_dust.wad,150952,22572
cstrike\cs_dust.wad,606228,6252
cstrike\cs_dust.wad,618732,6252
cstrike\cs_dust.wad,307880,66092
cstrike\cs_dust.wad,373972,22572
cstrike\cs_dust.wad,425368,6252
cstrike\cs_dust.wad,173524,87852
cstrike\cs_dust.wad,967136,87852
cstrike\cs_dust.wad,879284,87852
cstrike\cs_dust.wad,261376,4892
cstrike\cs_dust.wad,431620,41612
cstrike\cs_dust.wad,712836,41612
cstrike\maps\de_dust2.txt
cstrike\overviews\de_dust2.txt
cstrike\overviews\de_dust2.bmp
cstrike\models\player\gsg9\gsg9.mdl
cstrike\models\player\guerilla\guerilla.mdl
cstrike\models\player\arctic\arctic.mdl
cstrike\models\player\sas\sas.mdl
cstrike\models\player\terror\terror.mdl
cstrike\models\player\urban\urban.mdl
valve\models\mil_crategibs.mdl


