cstrike\gfx\env\badlandsrt.tga
cstrike\gfx\env\badlandsbk.tga
cstrike\gfx\env\badlandslf.tga
cstrike\gfx\env\badlandsft.tga
cstrike\gfx\env\badlandsup.tga
cstrike\gfx\env\badlandsdn.tga
cstrike\maps\de_inferno.bsp
cstrike\cstrike.wad,0,12
cstrike\cstrike.wad,2677428,32
valve\halflife.wad,0,12
valve\halflife.wad,37814384,32
valve\halflife.wad,37847024,32
valve\halflife.wad,37879792,32
valve\halflife.wad,37912560,32
cstrike\cstrike.wad,37392,22572
cstrike\cstrike.wad,195320,22572
cstrike\cstrike.wad,319060,22572
cstrike\cstrike.wad,409348,22572
cstrike\cstrike.wad,567276,22572
cstrike\cstrike.wad,691016,22572
cstrike\cstrike.wad,1733160,6252
cstrike\cstrike.wad,2304564,22572
valve\halflife.wad,521644,1152
valve\halflife.wad,1678180,1152
valve\halflife.wad,2707584,25292
valve\halflife.wad,4223904,25292
valve\halflife.wad,6929148,1152
valve\halflife.wad,19663588,1152
valve\halflife.wad,20274404,22572
valve\halflife.wad,21117204,11692
valve\halflife.wad,27945504,1152
valve\halflife.wad,31135192,7612
valve\halflife.wad,32973528,1152
valve\halflife.wad,37063140,1152
valve\halflife.wad,37099896,66092
valve\halflife.wad,37402152,1152
valve\halflife.wad,37417696,22572
valve\halflife.wad,37483352,6252
valve\halflife.wad,37589240,22572
cstrike\maps\de_inferno.txt
cstrike\overviews\de_inferno.txt
cstrike\overviews\de_inferno.bmp
cstrike\models\player\gsg9\gsg9.mdl
cstrike\models\player\guerilla\guerilla.mdl
cstrike\models\player\arctic\arctic.mdl
cstrike\models\player\sas\sas.mdl
cstrike\models\player\terror\terror.mdl
cstrike\models\player\urban\urban.mdl
