cstrike\gfx\env\de_stormrt.tga
cstrike\gfx\env\de_stormbk.tga
cstrike\gfx\env\de_stormlf.tga
cstrike\gfx\env\de_stormft.tga
cstrike\gfx\env\de_stormup.tga
cstrike\gfx\env\de_stormdn.tga
cstrike\maps\de_storm.bsp
cstrike\de_storm.wad,0,12
cstrike\de_storm.wad,4184640,32
cstrike\de_storm.wad,2184,44332
cstrike\de_storm.wad,47668,87852
cstrike\de_storm.wad,135520,87852
cstrike\de_storm.wad,223372,6252
cstrike\de_storm.wad,229624,87852
cstrike\de_storm.wad,317476,87852
cstrike\de_storm.wad,425312,6252
cstrike\de_storm.wad,437816,87852
cstrike\de_storm.wad,525668,87852
cstrike\de_storm.wad,613520,87852
cstrike\de_storm.wad,701372,87852
cstrike\de_storm.wad,789224,87852
cstrike\de_storm.wad,877076,87852
cstrike\de_storm.wad,964928,44332
cstrike\de_storm.wad,1009260,44332
cstrike\de_storm.wad,1053592,87852
cstrike\de_storm.wad,1141444,87852
cstrike\de_storm.wad,1317148,22572
cstrike\de_storm.wad,1339720,87852
cstrike\de_storm.wad,1435996,11692
cstrike\de_storm.wad,1492020,87852
cstrike\de_storm.wad,1579872,87852
cstrike\de_storm.wad,1668876,87852
cstrike\de_storm.wad,1756728,87852
cstrike\de_storm.wad,1844580,87852
cstrike\de_storm.wad,1932432,87852
cstrike\de_storm.wad,2020284,87852
cstrike\de_storm.wad,2108136,87852
cstrike\de_storm.wad,2195988,87852
cstrike\de_storm.wad,2284992,87852
cstrike\de_storm.wad,2372844,19852
cstrike\de_storm.wad,2396568,55212
cstrike\de_storm.wad,2451780,60652
cstrike\de_storm.wad,2512432,60652
cstrike\de_storm.wad,2573084,66092
cstrike\de_storm.wad,2705268,36172
cstrike\de_storm.wad,2741440,87852
cstrike\de_storm.wad,2829292,87852
cstrike\de_storm.wad,2939716,87852
cstrike\de_storm.wad,3027568,87852
cstrike\de_storm.wad,3115420,87852
cstrike\de_storm.wad,3225844,87852
cstrike\de_storm.wad,3313696,87852
cstrike\de_storm.wad,3401548,87852
cstrike\de_storm.wad,3489400,22572
cstrike\de_storm.wad,3511972,44332
cstrike\de_storm.wad,3578876,22572
cstrike\de_storm.wad,3601448,87852
cstrike\de_storm.wad,3689300,87852
cstrike\de_storm.wad,3777152,87852
cstrike\de_storm.wad,3865004,44332
cstrike\de_storm.wad,3909336,87852
cstrike\de_storm.wad,3997188,87852
cstrike\de_storm.wad,4085040,22572
cstrike\de_storm.wad,4108764,55212
cstrike\maps\de_storm.txt
cstrike\overviews\de_storm.txt
cstrike\overviews\de_storm.bmp
cstrike\models\skeleton.mdl
cstrike\maps\de_storm.res
cstrike\sound\storm\thunder-theme.wav
cstrike\gfx\env\de_stormrt.tga
cstrike\gfx\env\de_stormbk.tga
cstrike\gfx\env\de_stormlf.tga
cstrike\gfx\env\de_stormft.tga
cstrike\gfx\env\de_stormup.tga
cstrike\gfx\env\de_stormdn.tga
cstrike\gfx\env\de_stormbk.bmp
cstrike\gfx\env\de_stormdn.bmp
cstrike\gfx\env\de_stormft.bmp
cstrike\gfx\env\de_stormlf.bmp
cstrike\gfx\env\de_stormrt.bmp
cstrike\gfx\env\de_stormup.bmp
valve\models\skeleton.mdl