cstrike\commandmenu.txt
cstrike\spectatormenu.txt
cstrike\classes\arctic.txt
cstrike\classes\aug.txt
cstrike\classes\autoselect.txt
cstrike\classes\awp.txt
cstrike\classes\deagle.txt
cstrike\classes\defuser.txt
cstrike\classes\elite.txt
cstrike\classes\famas.txt
cstrike\classes\fiveseven.txt
cstrike\classes\flashbang.txt
cstrike\classes\gign.txt
cstrike\classes\glock18.txt
cstrike\classes\gsg9.txt
cstrike\classes\guerilla.txt
cstrike\classes\hegrenade.txt
cstrike\classes\kevlar.txt
cstrike\classes\kevlar_helmet.txt
cstrike\classes\leet.txt
cstrike\classes\m249.txt
cstrike\classes\m3.txt
cstrike\classes\m4a1.txt
cstrike\classes\mac10.txt
cstrike\classes\mp5.txt
cstrike\classes\nightvision.txt
cstrike\classes\p228.txt
cstrike\classes\p90.txt
cstrike\classes\sas.txt
cstrike\classes\scout.txt
cstrike\classes\sg550.txt
cstrike\classes\smokegrenade.txt
cstrike\classes\terror.txt
cstrike\classes\tmp.txt
cstrike\classes\ump45.txt
cstrike\classes\urban.txt
cstrike\classes\usp.txt
cstrike\classes\xm1014.txt

cstrike\events\ak47.sc
cstrike\events\aug.sc
cstrike\events\awp.sc
cstrike\events\createexplo.sc
cstrike\events\createsmoke.sc
cstrike\events\deagle.sc
cstrike\events\decal_reset.sc
cstrike\events\elite_left.sc
cstrike\events\elite_right.sc
cstrike\events\famas.sc
cstrike\events\fiveseven.sc
cstrike\events\g3sg1.sc
cstrike\events\galil.sc
cstrike\events\glock18.sc
cstrike\events\knife.sc
cstrike\events\m249.sc
cstrike\events\m3.sc
cstrike\events\m4a1.sc
cstrike\events\mac10.sc
cstrike\events\mp5n.sc
cstrike\events\p228.sc
cstrike\events\p90.sc
cstrike\events\scout.sc
cstrike\events\sg550.sc
cstrike\events\sg552.sc
cstrike\events\shieldgun.sc
cstrike\events\tmp.sc
cstrike\events\ump45.sc
cstrike\events\usp.sc
cstrike\events\xm1014.sc

cstrike\gfx\vgui\640_ak47.tga
cstrike\gfx\vgui\640_arctic.tga
cstrike\gfx\vgui\640_aug.tga
cstrike\gfx\vgui\640_awp.tga
cstrike\gfx\vgui\640_banner.tga
cstrike\gfx\vgui\640_checked.tga
cstrike\gfx\vgui\640_ct_random.tga
cstrike\gfx\vgui\640_deagle.tga
cstrike\gfx\vgui\640_elite.tga
cstrike\gfx\vgui\640_fiveseven.tga
cstrike\gfx\vgui\640_flashbang.tga
cstrike\gfx\vgui\640_g3sg1.tga
cstrike\gfx\vgui\640_gign.tga
cstrike\gfx\vgui\640_glock18.tga
cstrike\gfx\vgui\640_gsg9.tga
cstrike\gfx\vgui\640_guerilla.tga
cstrike\gfx\vgui\640_hegrenade.tga
cstrike\gfx\vgui\640_leet.tga
cstrike\gfx\vgui\640_m249.tga
cstrike\gfx\vgui\640_m3.tga
cstrike\gfx\vgui\640_m4a1.tga
cstrike\gfx\vgui\640_mac10.tga
cstrike\gfx\vgui\640_mp5.tga
cstrike\gfx\vgui\640_p228.tga
cstrike\gfx\vgui\640_p90.tga
cstrike\gfx\vgui\640_sas.tga
cstrike\gfx\vgui\640_scout.tga
cstrike\gfx\vgui\640_sg550.tga
cstrike\gfx\vgui\640_sg552.tga
cstrike\gfx\vgui\640_smokegrenade.tga
cstrike\gfx\vgui\640_t_random.tga
cstrike\gfx\vgui\640_terror.tga
cstrike\gfx\vgui\640_timer.tga
cstrike\gfx\vgui\640_tmp.tga
cstrike\gfx\vgui\640_ump45.tga
cstrike\gfx\vgui\640_urban.tga
cstrike\gfx\vgui\640_usp.tga
cstrike\gfx\vgui\640_xm1014.tga

cstrike\models\hostage.mdl
cstrike\models\p_ak47.mdl
cstrike\models\p_aug.mdl
cstrike\models\p_awp.mdl
cstrike\models\p_c4.mdl
cstrike\models\p_deagle.mdl
cstrike\models\p_elite.mdl
cstrike\models\p_famas.mdl
cstrike\models\p_fiveseven.mdl
cstrike\models\p_flashbang.mdl
cstrike\models\p_g3sg1.mdl
cstrike\models\p_galil.mdl
cstrike\models\p_glock18.mdl
cstrike\models\p_hegrenade.mdl
cstrike\models\p_knife.mdl
cstrike\models\p_m249.mdl
cstrike\models\p_m3.mdl
cstrike\models\p_m4a1.mdl
cstrike\models\p_mac10.mdl
cstrike\models\p_mp5.mdl
cstrike\models\p_p228.mdl
cstrike\models\p_p90.mdl
cstrike\models\p_scout.mdl
cstrike\models\p_sg550.mdl
cstrike\models\p_sg552.mdl
cstrike\models\p_shield.mdl
cstrike\models\p_smokegrenade.mdl
cstrike\models\p_tmp.mdl
cstrike\models\p_ump45.mdl
cstrike\models\p_usp.mdl
cstrike\models\p_xm1014.mdl
cstrike\models\player.mdl
cstrike\models\player\arctic\arctic.mdl
cstrike\models\player\gign\gign.mdl
cstrike\models\player\gsg9\gsg9.mdl
cstrike\models\player\guerilla\guerilla.mdl
cstrike\models\player\leet\leet.mdl
cstrike\models\player\sas\sas.mdl
cstrike\models\player\terror\terror.mdl
cstrike\models\player\urban\urban.mdl
cstrike\models\player\vip\vip.mdl
cstrike\models\pshell.mdl
cstrike\models\rshell.mdl
cstrike\models\rshell_big.mdl
cstrike\models\v_ak47.mdl
cstrike\models\v_aug.mdl
cstrike\models\v_awp.mdl
cstrike\models\v_c4.mdl
cstrike\models\v_deagle.mdl
cstrike\models\v_elite.mdl
cstrike\models\v_famas_r.mdl
cstrike\models\v_fiveseven.mdl
cstrike\models\v_flashbang.mdl
cstrike\models\v_g3sg1.mdl
cstrike\models\v_galil_r.mdl
cstrike\models\v_glock18.mdl
cstrike\models\v_hegrenade.mdl
cstrike\models\v_knife.mdl
cstrike\models\v_m249.mdl
cstrike\models\v_m3.mdl
cstrike\models\v_m4a1.mdl
cstrike\models\v_mac10.mdl
cstrike\models\v_mp5.mdl
cstrike\models\v_p228.mdl
cstrike\models\v_p90.mdl
cstrike\models\v_scout.mdl
cstrike\models\v_sg550.mdl
cstrike\models\v_sg552.mdl
cstrike\models\v_shield_r.mdl
cstrike\models\v_smokegrenade.mdl
cstrike\models\v_tmp.mdl
cstrike\models\v_ump45.mdl
cstrike\models\v_usp.mdl
cstrike\models\v_xm1014.mdl
cstrike\models\w_ak47.mdl
cstrike\models\w_assault.mdl
cstrike\models\w_aug.mdl
cstrike\models\w_awp.mdl
cstrike\models\w_backpack.mdl
cstrike\models\w_c4.mdl
cstrike\models\w_deagle.mdl
cstrike\models\w_elite.mdl
cstrike\models\w_famas.mdl
cstrike\models\w_fiveseven.mdl
cstrike\models\w_flashbang.mdl
cstrike\models\w_g3sg1.mdl
cstrike\models\w_galil.mdl
cstrike\models\w_glock18.mdl
cstrike\models\w_hegrenade.mdl
cstrike\models\w_kevlar.mdl
cstrike\models\w_knife.mdl
cstrike\models\w_m249.mdl
cstrike\models\w_m3.mdl
cstrike\models\w_m4a1.mdl
cstrike\models\w_mac10.mdl
cstrike\models\w_mp5.mdl
cstrike\models\w_p228.mdl
cstrike\models\w_p90.mdl
cstrike\models\w_scout.mdl
cstrike\models\w_sg550.mdl
cstrike\models\w_sg552.mdl
cstrike\models\w_shield.mdl
cstrike\models\w_smokegrenade.mdl
cstrike\models\w_thighpack.mdl
cstrike\models\w_tmp.mdl
cstrike\models\w_ump45.mdl
cstrike\models\w_usp.mdl
cstrike\models\w_xm1014.mdl

cstrike\sound\hostage\hos1.wav
cstrike\sound\hostage\hos2.wav
cstrike\sound\hostage\hos3.wav
cstrike\sound\hostage\hos4.wav
cstrike\sound\hostage\hos5.wav
cstrike\sound\items\equip_nvg.wav
cstrike\sound\items\kevlar.wav
cstrike\sound\items\nvg_off.wav
cstrike\sound\items\nvg_on.wav
cstrike\sound\items\tr_kevlar.wav
cstrike\sound\plats\vehicle_ignition.wav
cstrike\sound\player\bhit_flesh-1.wav
cstrike\sound\player\bhit_flesh-2.wav
cstrike\sound\player\bhit_flesh-3.wav
cstrike\sound\player\bhit_helmet-1.wav
cstrike\sound\player\bhit_kevlar-1.wav
cstrike\sound\player\death6.wav
cstrike\sound\player\die1.wav
cstrike\sound\player\die2.wav
cstrike\sound\player\die3.wav
cstrike\sound\player\headshot1.wav
cstrike\sound\player\headshot2.wav
cstrike\sound\player\headshot3.wav
cstrike\sound\player\pl_die1.wav
cstrike\sound\player\pl_dirt1.wav
cstrike\sound\player\pl_dirt2.wav
cstrike\sound\player\pl_dirt3.wav
cstrike\sound\player\pl_dirt4.wav
cstrike\sound\player\pl_duct1.wav
cstrike\sound\player\pl_duct2.wav
cstrike\sound\player\pl_duct3.wav
cstrike\sound\player\pl_duct4.wav
cstrike\sound\player\pl_fallpain2.wav
cstrike\sound\player\pl_fallpain3.wav
cstrike\sound\player\pl_grate1.wav
cstrike\sound\player\pl_grate2.wav
cstrike\sound\player\pl_grate3.wav
cstrike\sound\player\pl_grate4.wav
cstrike\sound\player\pl_ladder1.wav
cstrike\sound\player\pl_ladder2.wav
cstrike\sound\player\pl_ladder3.wav
cstrike\sound\player\pl_ladder4.wav
cstrike\sound\player\pl_metal1.wav
cstrike\sound\player\pl_metal2.wav
cstrike\sound\player\pl_metal3.wav
cstrike\sound\player\pl_metal4.wav
cstrike\sound\player\pl_pain2.wav
cstrike\sound\player\pl_pain4.wav
cstrike\sound\player\pl_pain5.wav
cstrike\sound\player\pl_pain6.wav
cstrike\sound\player\pl_pain7.wav
cstrike\sound\player\pl_shot1.wav
cstrike\sound\player\pl_slosh1.wav
cstrike\sound\player\pl_slosh2.wav
cstrike\sound\player\pl_slosh3.wav
cstrike\sound\player\pl_slosh4.wav
cstrike\sound\player\pl_snow1.wav
cstrike\sound\player\pl_snow2.wav
cstrike\sound\player\pl_snow3.wav
cstrike\sound\player\pl_snow4.wav
cstrike\sound\player\pl_snow5.wav
cstrike\sound\player\pl_snow6.wav
cstrike\sound\player\pl_step1.wav
cstrike\sound\player\pl_step2.wav
cstrike\sound\player\pl_step3.wav
cstrike\sound\player\pl_step4.wav
cstrike\sound\player\pl_swim1.wav
cstrike\sound\player\pl_swim2.wav
cstrike\sound\player\pl_swim3.wav
cstrike\sound\player\pl_swim4.wav
cstrike\sound\player\pl_tile1.wav
cstrike\sound\player\pl_tile2.wav
cstrike\sound\player\pl_tile3.wav
cstrike\sound\player\pl_tile4.wav
cstrike\sound\player\pl_tile5.wav
cstrike\sound\player\pl_wade1.wav
cstrike\sound\player\pl_wade2.wav
cstrike\sound\player\pl_wade3.wav
cstrike\sound\player\pl_wade4.wav
cstrike\sound\player\sprayer.wav
cstrike\sound\radio\com_go.wav
cstrike\sound\radio\letsgo.wav
cstrike\sound\radio\locknload.wav
cstrike\sound\radio\moveout.wav
cstrike\sound\radio\rescued.wav
cstrike\sound\radio\rounddraw.wav
cstrike\sound\weapons\ak47-1.wav
cstrike\sound\weapons\ak47-2.wav
cstrike\sound\weapons\ak47_boltpull.wav
cstrike\sound\weapons\ak47_clipin.wav
cstrike\sound\weapons\ak47_clipout.wav
cstrike\sound\weapons\aug-1.wav
cstrike\sound\weapons\aug_boltpull.wav
cstrike\sound\weapons\aug_boltslap.wav
cstrike\sound\weapons\aug_clipin.wav
cstrike\sound\weapons\aug_clipout.wav
cstrike\sound\weapons\aug_forearm.wav
cstrike\sound\weapons\awp1.wav
cstrike\sound\weapons\awp_clipin.wav
cstrike\sound\weapons\awp_clipout.wav
cstrike\sound\weapons\awp_deploy.wav
cstrike\sound\weapons\boltdown.wav
cstrike\sound\weapons\boltpull1.wav
cstrike\sound\weapons\boltup.wav
cstrike\sound\weapons\c4_beep1.wav
cstrike\sound\weapons\c4_beep2.wav
cstrike\sound\weapons\c4_beep3.wav
cstrike\sound\weapons\c4_beep4.wav
cstrike\sound\weapons\c4_beep5.wav
cstrike\sound\weapons\c4_click.wav
cstrike\sound\weapons\c4_disarm.wav
cstrike\sound\weapons\c4_disarmed.wav
cstrike\sound\weapons\c4_explode1.wav
cstrike\sound\weapons\c4_plant.wav
cstrike\sound\weapons\clipin1.wav
cstrike\sound\weapons\clipout1.wav
cstrike\sound\weapons\de_clipin.wav
cstrike\sound\weapons\de_clipout.wav
cstrike\sound\weapons\de_deploy.wav
cstrike\sound\weapons\deagle-1.wav
cstrike\sound\weapons\deagle-2.wav
cstrike\sound\weapons\dryfire_pistol.wav
cstrike\sound\weapons\dryfire_rifle.wav
cstrike\sound\weapons\elite_clipout.wav
cstrike\sound\weapons\elite_deploy.wav
cstrike\sound\weapons\elite_fire.wav
cstrike\sound\weapons\elite_leftclipin.wav
cstrike\sound\weapons\elite_reloadstart.wav
cstrike\sound\weapons\elite_rightclipin.wav
cstrike\sound\weapons\elite_sliderelease.wav
cstrike\sound\weapons\famas-1.wav
cstrike\sound\weapons\famas-2.wav
cstrike\sound\weapons\famas-burst.wav
cstrike\sound\weapons\famas_boltpull.wav
cstrike\sound\weapons\famas_boltslap.wav
cstrike\sound\weapons\famas_clipin.wav
cstrike\sound\weapons\famas_clipout.wav
cstrike\sound\weapons\famas_forearm.wav
cstrike\sound\weapons\fiveseven-1.wav
cstrike\sound\weapons\fiveseven_clipin.wav
cstrike\sound\weapons\fiveseven_clipout.wav
cstrike\sound\weapons\fiveseven_slidepull.wav
cstrike\sound\weapons\fiveseven_sliderelease.wav
cstrike\sound\weapons\flashbang-1.wav
cstrike\sound\weapons\flashbang-2.wav
cstrike\sound\weapons\g3sg1-1.wav
cstrike\sound\weapons\g3sg1_clipin.wav
cstrike\sound\weapons\g3sg1_clipout.wav
cstrike\sound\weapons\g3sg1_slide.wav
cstrike\sound\weapons\galil-1.wav
cstrike\sound\weapons\galil-2.wav
cstrike\sound\weapons\galil_boltpull.wav
cstrike\sound\weapons\galil_clipin.wav
cstrike\sound\weapons\galil_clipout.wav
cstrike\sound\weapons\generic_reload.wav
cstrike\sound\weapons\glock18-1.wav
cstrike\sound\weapons\glock18-2.wav
cstrike\sound\weapons\grenade_hit1.wav
cstrike\sound\weapons\grenade_hit2.wav
cstrike\sound\weapons\grenade_hit3.wav
cstrike\sound\weapons\he_bounce-1.wav
cstrike\sound\weapons\hegrenade-1.wav
cstrike\sound\weapons\hegrenade-2.wav
cstrike\sound\weapons\knife_deploy1.wav
cstrike\sound\weapons\knife_hit1.wav
cstrike\sound\weapons\knife_hit2.wav
cstrike\sound\weapons\knife_hit3.wav
cstrike\sound\weapons\knife_hit4.wav
cstrike\sound\weapons\knife_hitwall1.wav
cstrike\sound\weapons\knife_slash1.wav
cstrike\sound\weapons\knife_slash2.wav
cstrike\sound\weapons\knife_stab.wav
cstrike\sound\weapons\m249-1.wav
cstrike\sound\weapons\m249-2.wav
cstrike\sound\weapons\m249_boxin.wav
cstrike\sound\weapons\m249_boxout.wav
cstrike\sound\weapons\m249_chain.wav
cstrike\sound\weapons\m249_coverdown.wav
cstrike\sound\weapons\m249_coverup.wav
cstrike\sound\weapons\m3-1.wav
cstrike\sound\weapons\m3_insertshell.wav
cstrike\sound\weapons\m3_pump.wav
cstrike\sound\weapons\m4a1-1.wav
cstrike\sound\weapons\m4a1_boltpull.wav
cstrike\sound\weapons\m4a1_clipin.wav
cstrike\sound\weapons\m4a1_clipout.wav
cstrike\sound\weapons\m4a1_deploy.wav
cstrike\sound\weapons\m4a1_silencer_off.wav
cstrike\sound\weapons\m4a1_silencer_on.wav
cstrike\sound\weapons\m4a1_unsil-1.wav
cstrike\sound\weapons\m4a1_unsil-2.wav
cstrike\sound\weapons\mac10-1.wav
cstrike\sound\weapons\mac10_boltpull.wav
cstrike\sound\weapons\mac10_clipin.wav
cstrike\sound\weapons\mac10_clipout.wav
cstrike\sound\weapons\mp5-1.wav
cstrike\sound\weapons\mp5-2.wav
cstrike\sound\weapons\mp5_clipin.wav
cstrike\sound\weapons\mp5_clipout.wav
cstrike\sound\weapons\mp5_slideback.wav
cstrike\sound\weapons\p228-1.wav
cstrike\sound\weapons\p228_clipin.wav
cstrike\sound\weapons\p228_clipout.wav
cstrike\sound\weapons\p228_slidepull.wav
cstrike\sound\weapons\p228_sliderelease.wav
cstrike\sound\weapons\p90-1.wav
cstrike\sound\weapons\p90_boltpull.wav
cstrike\sound\weapons\p90_clipin.wav
cstrike\sound\weapons\p90_clipout.wav
cstrike\sound\weapons\p90_cliprelease.wav
cstrike\sound\weapons\pinpull.wav
cstrike\sound\weapons\ric_conc-1.wav
cstrike\sound\weapons\ric_conc-2.wav
cstrike\sound\weapons\ric_metal-1.wav
cstrike\sound\weapons\ric_metal-2.wav
cstrike\sound\weapons\scout_bolt.wav
cstrike\sound\weapons\scout_clipin.wav
cstrike\sound\weapons\scout_clipout.wav
cstrike\sound\weapons\scout_fire-1.wav
cstrike\sound\weapons\sg550-1.wav
cstrike\sound\weapons\sg550_boltpull.wav
cstrike\sound\weapons\sg550_clipin.wav
cstrike\sound\weapons\sg550_clipout.wav
cstrike\sound\weapons\sg552-1.wav
cstrike\sound\weapons\sg552-2.wav
cstrike\sound\weapons\sg552_boltpull.wav
cstrike\sound\weapons\sg552_clipin.wav
cstrike\sound\weapons\sg552_clipout.wav
cstrike\sound\weapons\sg_explode.wav
cstrike\sound\weapons\slideback1.wav
cstrike\sound\weapons\sliderelease1.wav
cstrike\sound\weapons\tmp-1.wav
cstrike\sound\weapons\tmp-2.wav
cstrike\sound\weapons\ump45-1.wav
cstrike\sound\weapons\ump45_boltslap.wav
cstrike\sound\weapons\ump45_clipin.wav
cstrike\sound\weapons\ump45_clipout.wav
cstrike\sound\weapons\usp1.wav
cstrike\sound\weapons\usp2.wav
cstrike\sound\weapons\usp_clipin.wav
cstrike\sound\weapons\usp_clipout.wav
cstrike\sound\weapons\usp_silencer_off.wav
cstrike\sound\weapons\usp_silencer_on.wav
cstrike\sound\weapons\usp_slideback.wav
cstrike\sound\weapons\usp_sliderelease.wav
cstrike\sound\weapons\usp_unsil-1.wav
cstrike\sound\weapons\xm1014-1.wav
cstrike\sound\weapons\zoom.wav

cstrike\sprites\640hud1.spr
cstrike\sprites\640hud16.spr
cstrike\sprites\640hud2.spr
cstrike\sprites\640hud3.spr
cstrike\sprites\640hud4.spr
cstrike\sprites\640hud5.spr
cstrike\sprites\640hud6.spr
cstrike\sprites\640hud7.spr
cstrike\sprites\bottom.spr
cstrike\sprites\bottom2.spr
cstrike\sprites\bottom3.spr
cstrike\sprites\bottom_left.spr
cstrike\sprites\bottom_left2.spr
cstrike\sprites\bottom_left3.spr
cstrike\sprites\bottom_left_small.spr
cstrike\sprites\bottom_right.spr
cstrike\sprites\bottom_right2.spr
cstrike\sprites\bottom_right3.spr
cstrike\sprites\bottom_right_small.spr
cstrike\sprites\horizontal.spr
cstrike\sprites\hud.txt
cstrike\sprites\ibackpack.spr
cstrike\sprites\ic4.spr
cstrike\sprites\ihostage.spr
cstrike\sprites\iplayerc4.spr
cstrike\sprites\iplayervip.spr
cstrike\sprites\left.spr
cstrike\sprites\left2.spr
cstrike\sprites\left3.spr
cstrike\sprites\observer.txt
cstrike\sprites\radar640.spr
cstrike\sprites\right.spr
cstrike\sprites\right2.spr
cstrike\sprites\right3.spr
cstrike\sprites\top.spr
cstrike\sprites\top2.spr
cstrike\sprites\top3.spr
cstrike\sprites\top_left.spr
cstrike\sprites\top_left2.spr
cstrike\sprites\top_left3.spr
cstrike\sprites\top_left_small.spr
cstrike\sprites\top_right.spr
cstrike\sprites\top_right2.spr
cstrike\sprites\top_right3.spr
cstrike\sprites\top_right_small.spr
cstrike\sprites\vertical.spr
cstrike\sprites\640hud10.spr
cstrike\sprites\640hud11.spr
cstrike\sprites\640hud12.spr
cstrike\sprites\640hud13.spr
cstrike\sprites\640hud14.spr
cstrike\sprites\640hud15.spr
cstrike\sprites\640hud17.spr
cstrike\sprites\640hud18.spr
cstrike\sprites\black_smoke1.spr
cstrike\sprites\black_smoke2.spr
cstrike\sprites\black_smoke3.spr
cstrike\sprites\black_smoke4.spr
cstrike\sprites\ch_sniper.spr
cstrike\sprites\fast_wallpuff1.spr
cstrike\sprites\ledglow.spr
cstrike\sprites\pistol_smoke1.spr
cstrike\sprites\pistol_smoke2.spr
cstrike\sprites\radio.spr
cstrike\sprites\rifle_smoke1.spr
cstrike\sprites\rifle_smoke2.spr
cstrike\sprites\rifle_smoke3.spr
cstrike\sprites\smokepuff.spr
cstrike\sprites\sniper_scope.spr
cstrike\sprites\wall_puff1.spr
cstrike\sprites\wall_puff2.spr
cstrike\sprites\wall_puff3.spr
cstrike\sprites\wall_puff4.spr
cstrike\sprites\weapon_ak47.txt
cstrike\sprites\weapon_aug.txt
cstrike\sprites\weapon_awp.txt
cstrike\sprites\weapon_c4.txt
cstrike\sprites\weapon_deagle.txt
cstrike\sprites\weapon_elite.txt
cstrike\sprites\weapon_famas.txt
cstrike\sprites\weapon_fiveseven.txt
cstrike\sprites\weapon_flashbang.txt
cstrike\sprites\weapon_g3sg1.txt
cstrike\sprites\weapon_galil.txt
cstrike\sprites\weapon_glock18.txt
cstrike\sprites\weapon_hegrenade.txt
cstrike\sprites\weapon_knife.txt
cstrike\sprites\weapon_m249.txt
cstrike\sprites\weapon_m3.txt
cstrike\sprites\weapon_m4a1.txt
cstrike\sprites\weapon_mac10.txt
cstrike\sprites\weapon_mp5navy.txt
cstrike\sprites\weapon_p228.txt
cstrike\sprites\weapon_p90.txt
cstrike\sprites\weapon_scout.txt
cstrike\sprites\weapon_sg550.txt
cstrike\sprites\weapon_sg552.txt
cstrike\sprites\weapon_shieldgun.txt
cstrike\sprites\weapon_smokegrenade.txt
cstrike\sprites\weapon_tmp.txt
cstrike\sprites\weapon_ump45.txt
cstrike\sprites\weapon_usp.txt
cstrike\sprites\weapon_xm1014.txt

valve\gfx\vgui\640_scoreboardtracker.tga
valve\gfx\vgui\640_speaker1.tga
valve\gfx\vgui\640_speaker2.tga
valve\gfx\vgui\640_speaker3.tga
valve\gfx\vgui\640_speaker4.tga
valve\gfx\vgui\640_voiceblocked.tga
valve\gfx\vgui\arrowdown.tga
valve\gfx\vgui\arrowup.tga
valve\gfx\vgui\fonts\640_Basic Text.tga
valve\gfx\vgui\fonts\640_CommandMenu Text.tga
valve\gfx\vgui\fonts\640_Primary Button Text.tga
valve\gfx\vgui\fonts\640_Scoreboard Small Text.tga
valve\gfx\vgui\fonts\640_Scoreboard Text.tga
valve\gfx\vgui\fonts\640_Scoreboard Title Text.tga
valve\gfx\vgui\fonts\640_Title Font.tga
valve\gfx\vgui\icntlk_pl.tga
valve\gfx\vgui\icntlk_squelch.tga
valve\gfx\vgui\icntlk_sv.tga
valve\gfx\vgui\speaker4.tga

valve\models\agibs.mdl
valve\models\computergibs.mdl
valve\models\fleshgibs.mdl
valve\models\glassgibs.mdl
valve\models\grenade.mdl
valve\models\hgibs.mdl
valve\models\metalplategibs.mdl
valve\models\scientist.mdl
valve\models\shotgunshell.mdl
valve\models\w_9mmclip.mdl
valve\models\w_antidote.mdl
valve\models\w_battery.mdl
valve\models\w_longjump.mdl
valve\models\w_security.mdl
valve\models\w_shotbox.mdl
valve\models\w_weaponbox.mdl
valve\models\woodgibs.mdl

valve\sound\ambience\drips.wav
valve\sound\ambience\wind2.wav
valve\sound\buttons\spark5.wav
valve\sound\buttons\spark6.wav
valve\sound\common\bodydrop3.wav
valve\sound\common\bodydrop4.wav
valve\sound\common\bodysplat.wav
valve\sound\common\npc_step1.wav
valve\sound\common\npc_step2.wav
valve\sound\common\npc_step3.wav
valve\sound\common\npc_step4.wav
valve\sound\common\null.wav
valve\sound\common\wpn_denyselect.wav
valve\sound\common\wpn_hudoff.wav
valve\sound\common\wpn_hudon.wav
valve\sound\common\wpn_moveselect.wav
valve\sound\common\wpn_select.wav
valve\sound\debris\bustconcrete1.wav
valve\sound\debris\bustconcrete2.wav
valve\sound\debris\bustcrate1.wav
valve\sound\debris\bustcrate2.wav
valve\sound\debris\bustflesh1.wav
valve\sound\debris\bustflesh2.wav
valve\sound\debris\bustglass1.wav
valve\sound\debris\bustglass2.wav
valve\sound\debris\bustmetal1.wav
valve\sound\debris\bustmetal2.wav
valve\sound\doors\doormove2.wav
valve\sound\doors\doormove9.wav
valve\sound\items\9mmclip1.wav
valve\sound\items\ammopickup2.wav
valve\sound\items\flashlight1.wav
valve\sound\items\gunpickup2.wav
valve\sound\items\suitchargeok1.wav
valve\sound\items\weapondrop1.wav
valve\sound\plats\train_use1.wav
valve\sound\weapons\357_cock1.wav
valve\sound\weapons\bullet_hit1.wav
valve\sound\weapons\bullet_hit2.wav
valve\sound\weapons\debris1.wav
valve\sound\weapons\debris2.wav
valve\sound\weapons\debris3.wav
valve\sound\weapons\reload1.wav
valve\sound\weapons\reload3.wav

valve\scripts\voicemodel.txt
valve\sprites\640hud8.spr
valve\sprites\640hud9.spr
valve\sprites\camera.spr
valve\sprites\crosshairs.spr
valve\sprites\iplayer.spr
valve\sprites\iplayerblue.spr
valve\sprites\iplayerdead.spr
valve\sprites\iplayerred.spr
valve\sprites\laserbeam.spr
valve\sprites\tile.spr
valve\sprites\voiceicon.spr
valve\sprites\640_pain.spr
valve\sprites\WXplo1.spr
valve\sprites\b-tele1.spr
valve\sprites\blood.spr
valve\sprites\bloodspray.spr
valve\sprites\bubble.spr
valve\sprites\c-tele1.spr
valve\sprites\eexplo.spr
valve\sprites\explode1.spr
valve\sprites\fexplo.spr
valve\sprites\fexplo1.spr
valve\sprites\flare1.spr
valve\sprites\laserdot.spr
valve\sprites\smoke.spr
valve\sprites\steam1.spr
valve\sprites\zerogxplode.spr
